===== Wed Jul 29 15:17:30 IST 2026 - Pipeline start =====
[1/4] Fetching news...
Fetching: BBC World (General)...
  -> 5 articles fetched.
Fetching: The Guardian World (General)...
  -> 5 articles fetched.
Fetching: Al Jazeera (General)...
  -> 5 articles fetched.
Fetching: TechCrunch (Technology)...
  -> 5 articles fetched.
Fetching: The Verge (Technology)...
  -> 5 articles fetched.
Fetching: Ars Technica (Technology)...
  -> 5 articles fetched.
Fetching: CNBC Business (Business)...
  -> 5 articles fetched.
Fetching: Business Insider (Business)...
  -> 5 articles fetched.
Fetching: ESPN (Sports)...
  -> 5 articles fetched.
Fetching: Sky Sports (Sports)...
  -> 5 articles fetched.
Fetching: Variety (Entertainment)...
  -> 5 articles fetched.
Fetching: Rolling Stone (Entertainment)...
  -> 5 articles fetched.

Total fetched (before limit): 60
Kept after per-category limit (1/category): 5
Saved to: /data/data/com.termux/files/home/news-site/data/raw-news.json
===== Wed Jul 29 15:18:22 IST 2026 - Pipeline start =====
[1/4] Fetching news...
Fetching: BBC World (General)...
  -> 5 articles fetched.
Fetching: The Guardian World (General)...
  -> 5 articles fetched.
Fetching: Al Jazeera (General)...
  -> 5 articles fetched.
Fetching: TechCrunch (Technology)...
  -> 5 articles fetched.
Fetching: The Verge (Technology)...
  -> 5 articles fetched.
Fetching: Ars Technica (Technology)...
  -> 5 articles fetched.
Fetching: CNBC Business (Business)...
  -> 5 articles fetched.
Fetching: Business Insider (Business)...
  -> 5 articles fetched.
Fetching: ESPN (Sports)...
  -> 5 articles fetched.
Fetching: Sky Sports (Sports)...
  -> 5 articles fetched.
Fetching: Variety (Entertainment)...
  -> 5 articles fetched.
Fetching: Rolling Stone (Entertainment)...
  -> 5 articles fetched.

Total fetched (before limit): 60
Kept after per-category limit (1/category): 5
Saved to: /data/data/com.termux/files/home/news-site/data/raw-news.json
[2/4] Rewriting with AI...
◇ injected env (1) from .env // tip: ◈ encrypted .env [www.dotenvx.com]
[1/5] Rewriting: Saudi Arabia joins US in strikes on Iran-backed militias in ...
[2/5] Rewriting: Audi has a new flagship designed with the US in mind: The 20...
[3/5] Rewriting: The 2 biggest mistakes companies are making with AI, accordi...
[4/5] Rewriting: Clark's 32 fuels Fever's latest 100-point eruption...
[2/4] Rewriting with AI...
◇ injected env (1) from .env // tip: ◈ encrypted .env [www.dotenvx.com]
[1/5] Rewriting: Saudi Arabia joins US in strikes on Iran-backed militias in ...
[5/5] Rewriting: Banijay Entertainment H1 Revenues Dip in First Earnings Upda...
[2/5] Rewriting: Audi has a new flagship designed with the US in mind: The 20...

Done! 5/5 articles rewritten.
Saved to: /data/data/com.termux/files/home/news-site/data/articles.json
[3/4] Generating site...
Site generated: 5 articles, 5 categories.
Output folder: /data/data/com.termux/files/home/news-site/docs
[4/4] Pushing to GitHub...
